// Jest Snapshot v1, https://goo.gl/fbAQLP

exports[`Login page renders login page 1`] = `
<div>
  <main
    class="h-full flex justify-center align-middle"
  >
    <div
      class="flex flex-1 flex-col justify-center px-6 py-12 lg:px-8"
    >
      <div
        class="sm:mx-auto sm:w-full sm:max-w-sm"
      >
        <h2
          class="mt-10 text-center text-2xl font-bold leading-9 tracking-tight text-gray-900"
        >
          Sign in to your account
        </h2>
      </div>
      <div
        class="mt-10 sm:mx-auto sm:w-full sm:max-w-sm"
      >
        <form
          class="space-y-6"
          name="login"
        >
          <div>
            <label
              class="block text-sm font-medium leading-6 text-gray-900"
              for="email"
            >
              Email address
            </label>
            <div
              class="mt-2"
            >
              <input
                class="block w-full rounded-md border-0 p-2 text-gray-900 shadow-sm ring-1 ring-inset ring-gray-300 placeholder:text-gray-400 focus:ring-2 focus:ring-inset focus:ring-indigo-600 sm:text-sm sm:leading-6"
                id="email"
                name="email"
                placeholder="Enter your email here"
                type="text"
                value=""
              />
              <label
                class="block pt-1 text-xs font-normal leading-6 text-red-500"
              />
            </div>
          </div>
          <div>
            <div
              class="flex items-center justify-between"
            >
              <label
                class="block text-sm font-medium leading-6 text-gray-900"
                for="password"
              >
                Password
              </label>
            </div>
            <div
              class="mt-2"
            >
              <input
                class="block w-full rounded-md border-0 p-2 text-gray-900 shadow-sm ring-1 ring-inset ring-gray-300 placeholder:text-gray-400 focus:ring-2 focus:ring-inset focus:ring-indigo-600 sm:text-sm sm:leading-6"
                id="password"
                name="password"
                placeholder="Enter your password here"
                type="password"
                value=""
              />
              <label
                class="block pt-1 text-xs font-normal leading-6 text-red-500"
              />
            </div>
          </div>
          <div>
            <button
              class="flex w-full justify-center rounded-md bg-blue-600 px-3 py-1.5 text-sm font-semibold leading-6 text-white shadow-sm hover:bg-blue-500 focus-visible:outline focus-visible:outline-2 focus-visible:outline-offset-2 focus-visible:outline-blue-600"
              id="sign-in"
              type="submit"
            >
              Sign in
            </button>
          </div>
        </form>
      </div>
    </div>
  </main>
</div>
`;
